Copyright 1986-2022 Xilinx, Inc. All Rights Reserved. Copyright 2022-2025 Advanced Micro Devices, Inc. All Rights Reserved.
---------------------------------------------------------------------------------------------------------------------------------------------
| Tool Version : Vivado v.2025.2 (win64) Build 6299465 Fri Nov 14 19:35:11 GMT 2025
| Date         : Thu Oct  8 14:26:14 2026
| Host         : Hannas_dator running 64-bit major release  (build 9200)
| Command      : report_control_sets -verbose -file My_Top_Module_control_sets_placed.rpt
| Design       : My_Top_Module
| Device       : xc7a35t
---------------------------------------------------------------------------------------------------------------------------------------------

Control Set Information

Table of Contents
-----------------
1. Summary
2. Histogram
3. Flip-Flop Distribution
4. Detailed Control Set Information

1. Summary
----------

+----------------------------------------------------------+-------+
|                          Status                          | Count |
+----------------------------------------------------------+-------+
| Total control sets                                       |    17 |
|    Minimum number of control sets                        |    17 |
|    Addition due to synthesis replication                 |     0 |
|    Addition due to physical synthesis replication        |     0 |
| Unused register locations in slices containing registers |    75 |
+----------------------------------------------------------+-------+
* Control sets can be merged at opt_design using control_set_merge or merge_equivalent_drivers
** Run report_qor_suggestions for automated merging and remapping suggestions


2. Histogram
------------

+--------------------+-------+
|       Fanout       | Count |
+--------------------+-------+
| Total control sets |    17 |
| >= 0 to < 4        |     1 |
| >= 4 to < 6        |     0 |
| >= 6 to < 8        |     1 |
| >= 8 to < 10       |     2 |
| >= 10 to < 12      |     0 |
| >= 12 to < 14      |     0 |
| >= 14 to < 16      |     0 |
| >= 16              |    13 |
+--------------------+-------+
* Control sets can be remapped at either synth_design or opt_design


3. Flip-Flop Distribution
-------------------------

+--------------+-----------------------+------------------------+-----------------+--------------+
| Clock Enable | Synchronous Set/Reset | Asynchronous Set/Reset | Total Registers | Total Slices |
+--------------+-----------------------+------------------------+-----------------+--------------+
| No           | No                    | No                     |              26 |           18 |
| No           | No                    | Yes                    |               0 |            0 |
| No           | Yes                   | No                     |              90 |           30 |
| Yes          | No                    | No                     |              62 |           19 |
| Yes          | No                    | Yes                    |               0 |            0 |
| Yes          | Yes                   | No                     |             179 |           64 |
+--------------+-----------------------+------------------------+-----------------+--------------+


4. Detailed Control Set Information
-----------------------------------

+------------------+--------------------------------------+--------------------------------------+------------------+----------------+--------------+
|   Clock Signal   |             Enable Signal            |           Set/Reset Signal           | Slice Load Count | Bel Load Count | Bels / Slice |
+------------------+--------------------------------------+--------------------------------------+------------------+----------------+--------------+
| ~clk6p25m_BUFG   |                                      |                                      |                1 |              1 |         1.00 |
|  CLOCK_IBUF_BUFG | task_3/blue_x[6]_i_1_n_0             |                                      |                3 |              7 |         2.33 |
|  CLOCK_IBUF_BUFG | calculatornator/operand_A[7]_i_2_n_0 | calculatornator/operand_A[7]_i_1_n_0 |                5 |              8 |         1.60 |
|  CLOCK_IBUF_BUFG | calculatornator/operand_B[7]_i_2_n_0 | calculatornator/operand_B[7]_i_1_n_0 |                4 |              8 |         2.00 |
|  CLOCK_IBUF_BUFG | calculatornator/result[15]_i_2_n_0   | calculatornator/result[15]_i_1_n_0   |               14 |             16 |         1.14 |
| ~clk6p25m_BUFG   |                                      | oled/frame_counter[0]_i_1_n_0        |                5 |             17 |         3.40 |
| ~clk6p25m_BUFG   | oled/delay[0]_i_1_n_0                |                                      |                5 |             20 |         4.00 |
|  CLOCK_IBUF_BUFG | task_3/SW10                          | task_3/move_counter[22]_i_1_n_0      |                6 |             22 |         3.67 |
|  CLOCK_IBUF_BUFG |                                      |                                      |               17 |             25 |         1.47 |
|  CLOCK_IBUF_BUFG | dbC/debounce_counter[0]_i_2__3_n_0   | dbC/debounce_counter[0]_i_1__3_n_0   |                7 |             25 |         3.57 |
|  CLOCK_IBUF_BUFG | dbD/debounce_counter[0]_i_2__0_n_0   | dbD/debounce_counter[0]_i_1__0_n_0   |                7 |             25 |         3.57 |
|  CLOCK_IBUF_BUFG | dbL/debounce_counter[0]_i_2__1_n_0   | dbL/debounce_counter[0]_i_1__1_n_0   |                7 |             25 |         3.57 |
|  CLOCK_IBUF_BUFG | dbR/debounce_counter[0]_i_2__2_n_0   | dbR/debounce_counter[0]_i_1__2_n_0   |                7 |             25 |         3.57 |
|  CLOCK_IBUF_BUFG | dbU/debounce_counter[0]_i_2_n_0      | dbU/debounce_counter[0]_i_1_n_0      |                7 |             25 |         3.57 |
|  CLOCK_IBUF_BUFG |                                      | clk_6_25/clear                       |                7 |             28 |         4.00 |
| ~clk6p25m_BUFG   | oled/state_0[0]                      |                                      |               11 |             35 |         3.18 |
| ~clk6p25m_BUFG   |                                      | oled/spi_word[39]_i_1_n_0            |               18 |             45 |         2.50 |
+------------------+--------------------------------------+--------------------------------------+------------------+----------------+--------------+


